[2022-03-04T16:53:18.632+0100][gc,heap] Heap region size: 1M
[2022-03-04T16:53:18.662+0100][gc     ] Using G1
[2022-03-04T16:53:18.662+0100][gc,heap,coops] Heap address: 0x00000000c0000000, size: 1024 MB, Compressed Oops mode: 32-bit
[2022-03-04T16:53:18.664+0100][gc,cds       ] Mark closed archive regions in map: [0x00000000fff00000, 0x00000000fff6aff8]
[2022-03-04T16:53:18.664+0100][gc,cds       ] Mark open archive regions in map: [0x00000000ffe00000, 0x00000000ffe46ff8]
[2022-03-04T16:53:19.815+0100][gc,start     ] GC(0) Pause Young (Normal) (G1 Evacuation Pause)
[2022-03-04T16:53:19.816+0100][gc,task      ] GC(0) Using 4 workers of 4 for evacuation
[2022-03-04T16:53:19.830+0100][gc,phases    ] GC(0)   Pre Evacuate Collection Set: 0.0ms
[2022-03-04T16:53:19.830+0100][gc,phases    ] GC(0)   Evacuate Collection Set: 13.5ms
[2022-03-04T16:53:19.830+0100][gc,phases    ] GC(0)   Post Evacuate Collection Set: 0.7ms
[2022-03-04T16:53:19.830+0100][gc,phases    ] GC(0)   Other: 1.3ms
[2022-03-04T16:53:19.830+0100][gc,heap      ] GC(0) Eden regions: 51->0(44)
[2022-03-04T16:53:19.830+0100][gc,heap      ] GC(0) Survivor regions: 0->7(7)
[2022-03-04T16:53:19.830+0100][gc,heap      ] GC(0) Old regions: 2->2
[2022-03-04T16:53:19.830+0100][gc,heap      ] GC(0) Humongous regions: 0->0
[2022-03-04T16:53:19.830+0100][gc,metaspace ] GC(0) Metaspace: 14710K->14710K(1062912K)
[2022-03-04T16:53:19.830+0100][gc           ] GC(0) Pause Young (Normal) (G1 Evacuation Pause) 51M->7M(1024M) 15.649ms
[2022-03-04T16:53:19.830+0100][gc,cpu       ] GC(0) User=0.01s Sys=0.05s Real=0.02s
[2022-03-04T16:53:20.534+0100][gc,start     ] GC(1) Pause Young (Concurrent Start) (Metadata GC Threshold)
[2022-03-04T16:53:20.534+0100][gc,task      ] GC(1) Using 4 workers of 4 for evacuation
[2022-03-04T16:53:20.551+0100][gc,phases    ] GC(1)   Pre Evacuate Collection Set: 0.0ms
[2022-03-04T16:53:20.551+0100][gc,phases    ] GC(1)   Evacuate Collection Set: 15.6ms
[2022-03-04T16:53:20.551+0100][gc,phases    ] GC(1)   Post Evacuate Collection Set: 0.6ms
[2022-03-04T16:53:20.551+0100][gc,phases    ] GC(1)   Other: 0.3ms
[2022-03-04T16:53:20.551+0100][gc,heap      ] GC(1) Eden regions: 25->0(50)
[2022-03-04T16:53:20.551+0100][gc,heap      ] GC(1) Survivor regions: 7->1(7)
[2022-03-04T16:53:20.551+0100][gc,heap      ] GC(1) Old regions: 2->9
[2022-03-04T16:53:20.551+0100][gc,heap      ] GC(1) Humongous regions: 0->0
[2022-03-04T16:53:20.551+0100][gc,metaspace ] GC(1) Metaspace: 20497K->20497K(1067008K)
[2022-03-04T16:53:20.551+0100][gc           ] GC(1) Pause Young (Concurrent Start) (Metadata GC Threshold) 32M->8M(1024M) 16.660ms
[2022-03-04T16:53:20.551+0100][gc,cpu       ] GC(1) User=0.05s Sys=0.00s Real=0.02s
[2022-03-04T16:53:20.551+0100][gc           ] GC(2) Concurrent Cycle
[2022-03-04T16:53:20.551+0100][gc,marking   ] GC(2) Concurrent Clear Claimed Marks
[2022-03-04T16:53:20.552+0100][gc,marking   ] GC(2) Concurrent Clear Claimed Marks 0.547ms
[2022-03-04T16:53:20.552+0100][gc,marking   ] GC(2) Concurrent Scan Root Regions
[2022-03-04T16:53:20.553+0100][gc,marking   ] GC(2) Concurrent Scan Root Regions 1.215ms
[2022-03-04T16:53:20.553+0100][gc,marking   ] GC(2) Concurrent Mark (1.934s)
[2022-03-04T16:53:20.553+0100][gc,marking   ] GC(2) Concurrent Mark From Roots
[2022-03-04T16:53:20.553+0100][gc,task      ] GC(2) Using 1 workers of 1 for marking
[2022-03-04T16:53:20.563+0100][gc,marking   ] GC(2) Concurrent Mark From Roots 10.539ms
[2022-03-04T16:53:20.563+0100][gc,marking   ] GC(2) Concurrent Preclean
[2022-03-04T16:53:20.564+0100][gc,marking   ] GC(2) Concurrent Preclean 0.517ms
[2022-03-04T16:53:20.564+0100][gc,marking   ] GC(2) Concurrent Mark (1.934s, 1.945s) 11.183ms
[2022-03-04T16:53:20.564+0100][gc,start     ] GC(2) Pause Remark
[2022-03-04T16:53:20.567+0100][gc,stringtable] GC(2) Cleaned string and symbol table, strings: 5122 processed, 0 removed, symbols: 50528 processed, 40 removed
[2022-03-04T16:53:20.568+0100][gc            ] GC(2) Pause Remark 9M->9M(1024M) 3.502ms
[2022-03-04T16:53:20.568+0100][gc,cpu        ] GC(2) User=0.00s Sys=0.00s Real=0.00s
[2022-03-04T16:53:20.568+0100][gc,marking    ] GC(2) Concurrent Rebuild Remembered Sets
[2022-03-04T16:53:20.573+0100][gc,marking    ] GC(2) Concurrent Rebuild Remembered Sets 4.598ms
[2022-03-04T16:53:20.573+0100][gc,start      ] GC(2) Pause Cleanup
[2022-03-04T16:53:20.573+0100][gc            ] GC(2) Pause Cleanup 9M->9M(1024M) 0.408ms
[2022-03-04T16:53:20.573+0100][gc,cpu        ] GC(2) User=0.00s Sys=0.00s Real=0.00s
[2022-03-04T16:53:20.573+0100][gc,marking    ] GC(2) Concurrent Cleanup for Next Mark
[2022-03-04T16:53:20.611+0100][gc,marking    ] GC(2) Concurrent Cleanup for Next Mark 37.725ms
[2022-03-04T16:53:20.611+0100][gc            ] GC(2) Concurrent Cycle 60.128ms
[2022-03-04T16:53:22.138+0100][gc,start      ] GC(3) Pause Young (Normal) (G1 Evacuation Pause)
[2022-03-04T16:53:22.138+0100][gc,task       ] GC(3) Using 4 workers of 4 for evacuation
[2022-03-04T16:53:22.142+0100][gc,phases     ] GC(3)   Pre Evacuate Collection Set: 0.0ms
[2022-03-04T16:53:22.142+0100][gc,phases     ] GC(3)   Evacuate Collection Set: 3.3ms
[2022-03-04T16:53:22.142+0100][gc,phases     ] GC(3)   Post Evacuate Collection Set: 0.8ms
[2022-03-04T16:53:22.142+0100][gc,phases     ] GC(3)   Other: 0.2ms
[2022-03-04T16:53:22.142+0100][gc,heap       ] GC(3) Eden regions: 50->0(48)
[2022-03-04T16:53:22.142+0100][gc,heap       ] GC(3) Survivor regions: 1->3(7)
[2022-03-04T16:53:22.142+0100][gc,heap       ] GC(3) Old regions: 9->9
[2022-03-04T16:53:22.142+0100][gc,heap       ] GC(3) Humongous regions: 129->129
[2022-03-04T16:53:22.142+0100][gc,metaspace  ] GC(3) Metaspace: 29250K->29250K(1075200K)
[2022-03-04T16:53:22.142+0100][gc            ] GC(3) Pause Young (Normal) (G1 Evacuation Pause) 187M->139M(1024M) 4.475ms
[2022-03-04T16:53:22.142+0100][gc,cpu        ] GC(3) User=0.00s Sys=0.00s Real=0.01s
[2022-03-04T16:53:22.561+0100][gc,start      ] GC(4) Pause Young (Concurrent Start) (Metadata GC Threshold)
[2022-03-04T16:53:22.561+0100][gc,task       ] GC(4) Using 4 workers of 4 for evacuation
[2022-03-04T16:53:22.569+0100][gc,phases     ] GC(4)   Pre Evacuate Collection Set: 0.1ms
[2022-03-04T16:53:22.569+0100][gc,phases     ] GC(4)   Evacuate Collection Set: 6.9ms
[2022-03-04T16:53:22.569+0100][gc,phases     ] GC(4)   Post Evacuate Collection Set: 0.6ms
[2022-03-04T16:53:22.569+0100][gc,phases     ] GC(4)   Other: 0.3ms
[2022-03-04T16:53:22.569+0100][gc,heap       ] GC(4) Eden regions: 33->0(44)
[2022-03-04T16:53:22.569+0100][gc,heap       ] GC(4) Survivor regions: 3->7(7)
[2022-03-04T16:53:22.569+0100][gc,heap       ] GC(4) Old regions: 9->9
[2022-03-04T16:53:22.569+0100][gc,heap       ] GC(4) Humongous regions: 129->129
[2022-03-04T16:53:22.569+0100][gc,metaspace  ] GC(4) Metaspace: 34597K->34597K(1081344K)
[2022-03-04T16:53:22.569+0100][gc            ] GC(4) Pause Young (Concurrent Start) (Metadata GC Threshold) 171M->142M(1024M) 7.963ms
[2022-03-04T16:53:22.569+0100][gc,cpu        ] GC(4) User=0.00s Sys=0.00s Real=0.01s
[2022-03-04T16:53:22.569+0100][gc            ] GC(5) Concurrent Cycle
[2022-03-04T16:53:22.569+0100][gc,marking    ] GC(5) Concurrent Clear Claimed Marks
[2022-03-04T16:53:22.570+0100][gc,marking    ] GC(5) Concurrent Clear Claimed Marks 0.124ms
[2022-03-04T16:53:22.570+0100][gc,marking    ] GC(5) Concurrent Scan Root Regions
[2022-03-04T16:53:22.575+0100][gc,marking    ] GC(5) Concurrent Scan Root Regions 5.945ms
[2022-03-04T16:53:22.576+0100][gc,marking    ] GC(5) Concurrent Mark (3.957s)
[2022-03-04T16:53:22.576+0100][gc,marking    ] GC(5) Concurrent Mark From Roots
[2022-03-04T16:53:22.576+0100][gc,task       ] GC(5) Using 1 workers of 1 for marking
[2022-03-04T16:53:22.593+0100][gc,marking    ] GC(5) Concurrent Mark From Roots 17.283ms
[2022-03-04T16:53:22.593+0100][gc,marking    ] GC(5) Concurrent Preclean
[2022-03-04T16:53:22.594+0100][gc,marking    ] GC(5) Concurrent Preclean 0.682ms
[2022-03-04T16:53:22.594+0100][gc,marking    ] GC(5) Concurrent Mark (3.957s, 3.975s) 18.239ms
[2022-03-04T16:53:22.594+0100][gc,start      ] GC(5) Pause Remark
[2022-03-04T16:53:22.596+0100][gc,stringtable] GC(5) Cleaned string and symbol table, strings: 10467 processed, 8 removed, symbols: 81941 processed, 17 removed
[2022-03-04T16:53:22.597+0100][gc            ] GC(5) Pause Remark 144M->144M(1024M) 2.843ms
[2022-03-04T16:53:22.597+0100][gc,cpu        ] GC(5) User=0.00s Sys=0.00s Real=0.00s
[2022-03-04T16:53:22.597+0100][gc,marking    ] GC(5) Concurrent Rebuild Remembered Sets
[2022-03-04T16:53:22.605+0100][gc,marking    ] GC(5) Concurrent Rebuild Remembered Sets 7.470ms
[2022-03-04T16:53:22.606+0100][gc,start      ] GC(5) Pause Cleanup
[2022-03-04T16:53:22.606+0100][gc            ] GC(5) Pause Cleanup 144M->144M(1024M) 0.314ms
[2022-03-04T16:53:22.606+0100][gc,cpu        ] GC(5) User=0.00s Sys=0.00s Real=0.00s
[2022-03-04T16:53:22.607+0100][gc,marking    ] GC(5) Concurrent Cleanup for Next Mark
[2022-03-04T16:53:22.653+0100][gc,marking    ] GC(5) Concurrent Cleanup for Next Mark 46.209ms
[2022-03-04T16:53:22.653+0100][gc            ] GC(5) Concurrent Cycle 83.579ms
[2022-03-04T17:01:46.513+0100][gc,start      ] GC(6) Pause Young (Normal) (G1 Evacuation Pause)
[2022-03-04T17:01:46.513+0100][gc,task       ] GC(6) Using 4 workers of 4 for evacuation
[2022-03-04T17:01:46.522+0100][gc,phases     ] GC(6)   Pre Evacuate Collection Set: 0.3ms
[2022-03-04T17:01:46.522+0100][gc,phases     ] GC(6)   Evacuate Collection Set: 7.2ms
[2022-03-04T17:01:46.522+0100][gc,phases     ] GC(6)   Post Evacuate Collection Set: 0.9ms
[2022-03-04T17:01:46.522+0100][gc,phases     ] GC(6)   Other: 0.3ms
[2022-03-04T17:01:46.522+0100][gc,heap       ] GC(6) Eden regions: 44->0(46)
[2022-03-04T17:01:46.522+0100][gc,heap       ] GC(6) Survivor regions: 7->5(7)
[2022-03-04T17:01:46.522+0100][gc,heap       ] GC(6) Old regions: 9->12
[2022-03-04T17:01:46.522+0100][gc,heap       ] GC(6) Humongous regions: 129->129
[2022-03-04T17:01:46.522+0100][gc,metaspace  ] GC(6) Metaspace: 40105K->40105K(1085440K)
[2022-03-04T17:01:46.522+0100][gc            ] GC(6) Pause Young (Normal) (G1 Evacuation Pause) 186M->143M(1024M) 8.786ms
[2022-03-04T17:01:46.522+0100][gc,cpu        ] GC(6) User=0.00s Sys=0.00s Real=0.01s
