[2022-03-04T10:40:12.361+0100][gc,heap] Heap region size: 1M
[2022-03-04T10:40:12.390+0100][gc     ] Using G1
[2022-03-04T10:40:12.390+0100][gc,heap,coops] Heap address: 0x00000000c0000000, size: 1024 MB, Compressed Oops mode: 32-bit
[2022-03-04T10:40:12.392+0100][gc,cds       ] Mark closed archive regions in map: [0x00000000fff00000, 0x00000000fff6aff8]
[2022-03-04T10:40:12.392+0100][gc,cds       ] Mark open archive regions in map: [0x00000000ffe00000, 0x00000000ffe46ff8]
[2022-03-04T10:40:13.478+0100][gc,start     ] GC(0) Pause Young (Normal) (G1 Evacuation Pause)
[2022-03-04T10:40:13.479+0100][gc,task      ] GC(0) Using 4 workers of 4 for evacuation
[2022-03-04T10:40:13.492+0100][gc,phases    ] GC(0)   Pre Evacuate Collection Set: 0.0ms
[2022-03-04T10:40:13.492+0100][gc,phases    ] GC(0)   Evacuate Collection Set: 11.1ms
[2022-03-04T10:40:13.492+0100][gc,phases    ] GC(0)   Post Evacuate Collection Set: 0.7ms
[2022-03-04T10:40:13.492+0100][gc,phases    ] GC(0)   Other: 1.8ms
[2022-03-04T10:40:13.492+0100][gc,heap      ] GC(0) Eden regions: 51->0(44)
[2022-03-04T10:40:13.492+0100][gc,heap      ] GC(0) Survivor regions: 0->7(7)
[2022-03-04T10:40:13.492+0100][gc,heap      ] GC(0) Old regions: 2->2
[2022-03-04T10:40:13.492+0100][gc,heap      ] GC(0) Humongous regions: 0->0
[2022-03-04T10:40:13.492+0100][gc,metaspace ] GC(0) Metaspace: 14705K->14705K(1062912K)
[2022-03-04T10:40:13.492+0100][gc           ] GC(0) Pause Young (Normal) (G1 Evacuation Pause) 51M->7M(1024M) 13.833ms
[2022-03-04T10:40:13.492+0100][gc,cpu       ] GC(0) User=0.00s Sys=0.00s Real=0.01s
[2022-03-04T10:40:14.244+0100][gc,start     ] GC(1) Pause Young (Concurrent Start) (Metadata GC Threshold)
[2022-03-04T10:40:14.244+0100][gc,task      ] GC(1) Using 4 workers of 4 for evacuation
[2022-03-04T10:40:14.260+0100][gc,phases    ] GC(1)   Pre Evacuate Collection Set: 0.0ms
[2022-03-04T10:40:14.260+0100][gc,phases    ] GC(1)   Evacuate Collection Set: 15.7ms
[2022-03-04T10:40:14.260+0100][gc,phases    ] GC(1)   Post Evacuate Collection Set: 0.5ms
[2022-03-04T10:40:14.260+0100][gc,phases    ] GC(1)   Other: 0.3ms
[2022-03-04T10:40:14.260+0100][gc,heap      ] GC(1) Eden regions: 25->0(49)
[2022-03-04T10:40:14.260+0100][gc,heap      ] GC(1) Survivor regions: 7->2(7)
[2022-03-04T10:40:14.260+0100][gc,heap      ] GC(1) Old regions: 2->9
[2022-03-04T10:40:14.260+0100][gc,heap      ] GC(1) Humongous regions: 0->0
[2022-03-04T10:40:14.260+0100][gc,metaspace ] GC(1) Metaspace: 20614K->20614K(1067008K)
[2022-03-04T10:40:14.260+0100][gc           ] GC(1) Pause Young (Concurrent Start) (Metadata GC Threshold) 32M->8M(1024M) 16.634ms
[2022-03-04T10:40:14.260+0100][gc,cpu       ] GC(1) User=0.02s Sys=0.05s Real=0.02s
[2022-03-04T10:40:14.260+0100][gc           ] GC(2) Concurrent Cycle
[2022-03-04T10:40:14.261+0100][gc,marking   ] GC(2) Concurrent Clear Claimed Marks
[2022-03-04T10:40:14.261+0100][gc,marking   ] GC(2) Concurrent Clear Claimed Marks 0.061ms
[2022-03-04T10:40:14.261+0100][gc,marking   ] GC(2) Concurrent Scan Root Regions
[2022-03-04T10:40:14.262+0100][gc,marking   ] GC(2) Concurrent Scan Root Regions 0.947ms
[2022-03-04T10:40:14.262+0100][gc,marking   ] GC(2) Concurrent Mark (1.912s)
[2022-03-04T10:40:14.262+0100][gc,marking   ] GC(2) Concurrent Mark From Roots
[2022-03-04T10:40:14.262+0100][gc,task      ] GC(2) Using 1 workers of 1 for marking
[2022-03-04T10:40:14.275+0100][gc,marking   ] GC(2) Concurrent Mark From Roots 13.750ms
[2022-03-04T10:40:14.275+0100][gc,marking   ] GC(2) Concurrent Preclean
[2022-03-04T10:40:14.276+0100][gc,marking   ] GC(2) Concurrent Preclean 0.285ms
[2022-03-04T10:40:14.276+0100][gc,marking   ] GC(2) Concurrent Mark (1.912s, 1.926s) 14.119ms
[2022-03-04T10:40:14.276+0100][gc,start     ] GC(2) Pause Remark
[2022-03-04T10:40:14.278+0100][gc,stringtable] GC(2) Cleaned string and symbol table, strings: 5185 processed, 0 removed, symbols: 51184 processed, 46 removed
[2022-03-04T10:40:14.278+0100][gc            ] GC(2) Pause Remark 10M->10M(1024M) 2.578ms
[2022-03-04T10:40:14.278+0100][gc,cpu        ] GC(2) User=0.06s Sys=0.00s Real=0.00s
[2022-03-04T10:40:14.279+0100][gc,marking    ] GC(2) Concurrent Rebuild Remembered Sets
[2022-03-04T10:40:14.283+0100][gc,marking    ] GC(2) Concurrent Rebuild Remembered Sets 4.865ms
[2022-03-04T10:40:14.284+0100][gc,start      ] GC(2) Pause Cleanup
[2022-03-04T10:40:14.284+0100][gc            ] GC(2) Pause Cleanup 10M->10M(1024M) 0.275ms
[2022-03-04T10:40:14.284+0100][gc,cpu        ] GC(2) User=0.00s Sys=0.00s Real=0.00s
[2022-03-04T10:40:14.284+0100][gc,marking    ] GC(2) Concurrent Cleanup for Next Mark
[2022-03-04T10:40:14.309+0100][gc,marking    ] GC(2) Concurrent Cleanup for Next Mark 24.752ms
[2022-03-04T10:40:14.309+0100][gc            ] GC(2) Concurrent Cycle 48.459ms
[2022-03-04T10:40:15.148+0100][gc,start      ] GC(3) Pause Young (Normal) (G1 Evacuation Pause)
[2022-03-04T10:40:15.148+0100][gc,task       ] GC(3) Using 4 workers of 4 for evacuation
[2022-03-04T10:40:15.154+0100][gc,phases     ] GC(3)   Pre Evacuate Collection Set: 0.0ms
[2022-03-04T10:40:15.154+0100][gc,phases     ] GC(3)   Evacuate Collection Set: 5.5ms
[2022-03-04T10:40:15.154+0100][gc,phases     ] GC(3)   Post Evacuate Collection Set: 0.3ms
[2022-03-04T10:40:15.154+0100][gc,phases     ] GC(3)   Other: 0.2ms
[2022-03-04T10:40:15.154+0100][gc,heap       ] GC(3) Eden regions: 49->0(46)
[2022-03-04T10:40:15.154+0100][gc,heap       ] GC(3) Survivor regions: 2->5(7)
[2022-03-04T10:40:15.154+0100][gc,heap       ] GC(3) Old regions: 9->9
[2022-03-04T10:40:15.154+0100][gc,heap       ] GC(3) Humongous regions: 129->129
[2022-03-04T10:40:15.154+0100][gc,metaspace  ] GC(3) Metaspace: 29003K->29003K(1075200K)
[2022-03-04T10:40:15.154+0100][gc            ] GC(3) Pause Young (Normal) (G1 Evacuation Pause) 186M->140M(1024M) 6.230ms
[2022-03-04T10:40:15.154+0100][gc,cpu        ] GC(3) User=0.07s Sys=0.00s Real=0.00s
[2022-03-04T10:40:15.542+0100][gc,start      ] GC(4) Pause Young (Concurrent Start) (Metadata GC Threshold)
[2022-03-04T10:40:15.542+0100][gc,task       ] GC(4) Using 4 workers of 4 for evacuation
[2022-03-04T10:40:15.551+0100][gc,phases     ] GC(4)   Pre Evacuate Collection Set: 0.1ms
[2022-03-04T10:40:15.551+0100][gc,phases     ] GC(4)   Evacuate Collection Set: 8.6ms
[2022-03-04T10:40:15.551+0100][gc,phases     ] GC(4)   Post Evacuate Collection Set: 0.4ms
[2022-03-04T10:40:15.551+0100][gc,phases     ] GC(4)   Other: 0.3ms
[2022-03-04T10:40:15.551+0100][gc,heap       ] GC(4) Eden regions: 28->0(49)
[2022-03-04T10:40:15.551+0100][gc,heap       ] GC(4) Survivor regions: 5->2(7)
[2022-03-04T10:40:15.551+0100][gc,heap       ] GC(4) Old regions: 9->13
[2022-03-04T10:40:15.551+0100][gc,heap       ] GC(4) Humongous regions: 129->129
[2022-03-04T10:40:15.551+0100][gc,metaspace  ] GC(4) Metaspace: 34477K->34477K(1081344K)
[2022-03-04T10:40:15.551+0100][gc            ] GC(4) Pause Young (Concurrent Start) (Metadata GC Threshold) 167M->142M(1024M) 9.630ms
[2022-03-04T10:40:15.551+0100][gc,cpu        ] GC(4) User=0.03s Sys=0.03s Real=0.01s
[2022-03-04T10:40:15.551+0100][gc            ] GC(5) Concurrent Cycle
[2022-03-04T10:40:15.551+0100][gc,marking    ] GC(5) Concurrent Clear Claimed Marks
[2022-03-04T10:40:15.551+0100][gc,marking    ] GC(5) Concurrent Clear Claimed Marks 0.122ms
[2022-03-04T10:40:15.551+0100][gc,marking    ] GC(5) Concurrent Scan Root Regions
[2022-03-04T10:40:15.554+0100][gc,marking    ] GC(5) Concurrent Scan Root Regions 2.333ms
[2022-03-04T10:40:15.554+0100][gc,marking    ] GC(5) Concurrent Mark (3.204s)
[2022-03-04T10:40:15.554+0100][gc,marking    ] GC(5) Concurrent Mark From Roots
[2022-03-04T10:40:15.554+0100][gc,task       ] GC(5) Using 1 workers of 1 for marking
[2022-03-04T10:40:15.579+0100][gc,marking    ] GC(5) Concurrent Mark From Roots 25.221ms
[2022-03-04T10:40:15.579+0100][gc,marking    ] GC(5) Concurrent Preclean
[2022-03-04T10:40:15.580+0100][gc,marking    ] GC(5) Concurrent Preclean 0.523ms
[2022-03-04T10:40:15.580+0100][gc,marking    ] GC(5) Concurrent Mark (3.204s, 3.230s) 25.862ms
[2022-03-04T10:40:15.582+0100][gc,start      ] GC(5) Pause Remark
[2022-03-04T10:40:15.586+0100][gc,stringtable] GC(5) Cleaned string and symbol table, strings: 10331 processed, 9 removed, symbols: 83528 processed, 14 removed
[2022-03-04T10:40:15.587+0100][gc            ] GC(5) Pause Remark 144M->144M(1024M) 5.079ms
[2022-03-04T10:40:15.587+0100][gc,cpu        ] GC(5) User=0.00s Sys=0.00s Real=0.01s
[2022-03-04T10:40:15.587+0100][gc,marking    ] GC(5) Concurrent Rebuild Remembered Sets
[2022-03-04T10:40:15.604+0100][gc,marking    ] GC(5) Concurrent Rebuild Remembered Sets 16.888ms
[2022-03-04T10:40:15.604+0100][gc,start      ] GC(5) Pause Cleanup
[2022-03-04T10:40:15.604+0100][gc            ] GC(5) Pause Cleanup 147M->147M(1024M) 0.281ms
[2022-03-04T10:40:15.604+0100][gc,cpu        ] GC(5) User=0.00s Sys=0.00s Real=0.00s
[2022-03-04T10:40:15.605+0100][gc,marking    ] GC(5) Concurrent Cleanup for Next Mark
[2022-03-04T10:40:15.657+0100][gc,marking    ] GC(5) Concurrent Cleanup for Next Mark 52.815ms
[2022-03-04T10:40:15.657+0100][gc            ] GC(5) Concurrent Cycle 106.157ms
[2022-03-04T12:29:46.343+0100][gc,start      ] GC(6) Pause Young (Concurrent Start) (G1 Evacuation Pause)
[2022-03-04T12:29:46.348+0100][gc,task       ] GC(6) Using 4 workers of 4 for evacuation
[2022-03-04T12:29:46.414+0100][gc,mmu        ] GC(6) MMU target violated: 21.0ms (20.0ms/21.0ms)
[2022-03-04T12:29:46.415+0100][gc,phases     ] GC(6)   Pre Evacuate Collection Set: 18.8ms
[2022-03-04T12:29:46.415+0100][gc,phases     ] GC(6)   Evacuate Collection Set: 32.9ms
[2022-03-04T12:29:46.415+0100][gc,phases     ] GC(6)   Post Evacuate Collection Set: 2.9ms
[2022-03-04T12:29:46.416+0100][gc,phases     ] GC(6)   Other: 23.3ms
[2022-03-04T12:29:46.416+0100][gc,heap       ] GC(6) Eden regions: 49->0(49)
[2022-03-04T12:29:46.416+0100][gc,heap       ] GC(6) Survivor regions: 2->2(7)
[2022-03-04T12:29:46.416+0100][gc,heap       ] GC(6) Old regions: 13->13
[2022-03-04T12:29:46.416+0100][gc,heap       ] GC(6) Humongous regions: 129->129
[2022-03-04T12:29:46.416+0100][gc,metaspace  ] GC(6) Metaspace: 36771K->36771K(1083392K)
[2022-03-04T12:29:46.417+0100][gc            ] GC(6) Pause Young (Concurrent Start) (G1 Evacuation Pause) 191M->142M(1024M) 74.152ms
[2022-03-04T12:29:46.417+0100][gc,cpu        ] GC(6) User=0.00s Sys=0.04s Real=0.08s
[2022-03-04T12:29:46.417+0100][gc            ] GC(7) Concurrent Cycle
[2022-03-04T12:29:46.417+0100][gc,marking    ] GC(7) Concurrent Clear Claimed Marks
[2022-03-04T12:29:46.418+0100][gc,marking    ] GC(7) Concurrent Clear Claimed Marks 0.159ms
[2022-03-04T12:29:46.418+0100][gc,marking    ] GC(7) Concurrent Scan Root Regions
[2022-03-04T12:29:46.428+0100][gc,marking    ] GC(7) Concurrent Scan Root Regions 10.415ms
[2022-03-04T12:29:46.428+0100][gc,marking    ] GC(7) Concurrent Mark (6573.692s)
[2022-03-04T12:29:46.428+0100][gc,marking    ] GC(7) Concurrent Mark From Roots
[2022-03-04T12:29:46.428+0100][gc,task       ] GC(7) Using 1 workers of 1 for marking
[2022-03-04T12:29:46.456+0100][gc,marking    ] GC(7) Concurrent Mark From Roots 28.363ms
[2022-03-04T12:29:46.457+0100][gc,marking    ] GC(7) Concurrent Preclean
[2022-03-04T12:29:46.457+0100][gc,marking    ] GC(7) Concurrent Preclean 0.466ms
[2022-03-04T12:29:46.457+0100][gc,marking    ] GC(7) Concurrent Mark (6573.692s, 6573.721s) 28.984ms
[2022-03-04T12:29:46.457+0100][gc,start      ] GC(7) Pause Remark
[2022-03-04T12:29:46.553+0100][gc,stringtable] GC(7) Cleaned string and symbol table, strings: 10738 processed, 346 removed, symbols: 85284 processed, 2 removed
[2022-03-04T12:29:46.554+0100][gc,mmu        ] GC(7) MMU target violated: 21.0ms (20.0ms/21.0ms)
[2022-03-04T12:29:46.554+0100][gc            ] GC(7) Pause Remark 142M->142M(1024M) 96.907ms
[2022-03-04T12:29:46.554+0100][gc,cpu        ] GC(7) User=0.01s Sys=0.04s Real=0.10s
[2022-03-04T12:29:46.554+0100][gc,marking    ] GC(7) Concurrent Rebuild Remembered Sets
[2022-03-04T12:29:46.563+0100][gc,marking    ] GC(7) Concurrent Rebuild Remembered Sets 8.291ms
[2022-03-04T12:29:46.563+0100][gc,start      ] GC(7) Pause Cleanup
[2022-03-04T12:29:46.563+0100][gc            ] GC(7) Pause Cleanup 143M->143M(1024M) 0.203ms
[2022-03-04T12:29:46.563+0100][gc,cpu        ] GC(7) User=0.00s Sys=0.00s Real=0.00s
[2022-03-04T12:29:46.563+0100][gc,marking    ] GC(7) Concurrent Cleanup for Next Mark
[2022-03-04T12:29:46.571+0100][gc,marking    ] GC(7) Concurrent Cleanup for Next Mark 8.176ms
[2022-03-04T12:29:46.571+0100][gc            ] GC(7) Concurrent Cycle 154.112ms
[2022-03-04T12:30:40.817+0100][gc,heap,exit  ] Heap
[2022-03-04T12:30:40.818+0100][gc,heap,exit  ]  garbage-first heap   total 1048576K, used 156140K [0x00000000c0000000, 0x0000000100000000)
[2022-03-04T12:30:40.818+0100][gc,heap,exit  ]   region size 1024K, 14 young (14336K), 2 survivors (2048K)
[2022-03-04T12:30:40.818+0100][gc,heap,exit  ]  Metaspace       used 37500K, capacity 39008K, committed 39372K, reserved 1083392K
[2022-03-04T12:30:40.818+0100][gc,heap,exit  ]   class space    used 4520K, capacity 5253K, committed 5376K, reserved 1048576K
