[2022-03-04T14:49:15.229+0100][gc,heap] Heap region size: 1M
[2022-03-04T14:49:15.264+0100][gc     ] Using G1
[2022-03-04T14:49:15.264+0100][gc,heap,coops] Heap address: 0x00000000c0000000, size: 1024 MB, Compressed Oops mode: 32-bit
[2022-03-04T14:49:15.266+0100][gc,cds       ] Mark closed archive regions in map: [0x00000000fff00000, 0x00000000fff6aff8]
[2022-03-04T14:49:15.266+0100][gc,cds       ] Mark open archive regions in map: [0x00000000ffe00000, 0x00000000ffe46ff8]
[2022-03-04T14:49:16.440+0100][gc,start     ] GC(0) Pause Young (Normal) (G1 Evacuation Pause)
[2022-03-04T14:49:16.441+0100][gc,task      ] GC(0) Using 4 workers of 4 for evacuation
[2022-03-04T14:49:16.454+0100][gc,phases    ] GC(0)   Pre Evacuate Collection Set: 0.0ms
[2022-03-04T14:49:16.454+0100][gc,phases    ] GC(0)   Evacuate Collection Set: 11.7ms
[2022-03-04T14:49:16.454+0100][gc,phases    ] GC(0)   Post Evacuate Collection Set: 0.7ms
[2022-03-04T14:49:16.454+0100][gc,phases    ] GC(0)   Other: 2.0ms
[2022-03-04T14:49:16.454+0100][gc,heap      ] GC(0) Eden regions: 51->0(44)
[2022-03-04T14:49:16.454+0100][gc,heap      ] GC(0) Survivor regions: 0->7(7)
[2022-03-04T14:49:16.454+0100][gc,heap      ] GC(0) Old regions: 2->2
[2022-03-04T14:49:16.454+0100][gc,heap      ] GC(0) Humongous regions: 0->0
[2022-03-04T14:49:16.455+0100][gc,metaspace ] GC(0) Metaspace: 14835K->14835K(1062912K)
[2022-03-04T14:49:16.455+0100][gc           ] GC(0) Pause Young (Normal) (G1 Evacuation Pause) 51M->7M(1024M) 14.522ms
[2022-03-04T14:49:16.455+0100][gc,cpu       ] GC(0) User=0.03s Sys=0.02s Real=0.01s
[2022-03-04T14:49:17.172+0100][gc,start     ] GC(1) Pause Young (Concurrent Start) (Metadata GC Threshold)
[2022-03-04T14:49:17.172+0100][gc,task      ] GC(1) Using 4 workers of 4 for evacuation
[2022-03-04T14:49:17.187+0100][gc,phases    ] GC(1)   Pre Evacuate Collection Set: 0.1ms
[2022-03-04T14:49:17.187+0100][gc,phases    ] GC(1)   Evacuate Collection Set: 14.2ms
[2022-03-04T14:49:17.187+0100][gc,phases    ] GC(1)   Post Evacuate Collection Set: 0.5ms
[2022-03-04T14:49:17.187+0100][gc,phases    ] GC(1)   Other: 0.3ms
[2022-03-04T14:49:17.187+0100][gc,heap      ] GC(1) Eden regions: 25->0(50)
[2022-03-04T14:49:17.187+0100][gc,heap      ] GC(1) Survivor regions: 7->1(7)
[2022-03-04T14:49:17.187+0100][gc,heap      ] GC(1) Old regions: 2->9
[2022-03-04T14:49:17.187+0100][gc,heap      ] GC(1) Humongous regions: 0->0
[2022-03-04T14:49:17.187+0100][gc,metaspace ] GC(1) Metaspace: 20494K->20494K(1067008K)
[2022-03-04T14:49:17.187+0100][gc           ] GC(1) Pause Young (Concurrent Start) (Metadata GC Threshold) 31M->8M(1024M) 15.229ms
[2022-03-04T14:49:17.187+0100][gc,cpu       ] GC(1) User=0.00s Sys=0.03s Real=0.01s
[2022-03-04T14:49:17.188+0100][gc           ] GC(2) Concurrent Cycle
[2022-03-04T14:49:17.188+0100][gc,marking   ] GC(2) Concurrent Clear Claimed Marks
[2022-03-04T14:49:17.188+0100][gc,marking   ] GC(2) Concurrent Clear Claimed Marks 0.606ms
[2022-03-04T14:49:17.188+0100][gc,marking   ] GC(2) Concurrent Scan Root Regions
[2022-03-04T14:49:17.189+0100][gc,marking   ] GC(2) Concurrent Scan Root Regions 1.099ms
[2022-03-04T14:49:17.189+0100][gc,marking   ] GC(2) Concurrent Mark (1.973s)
[2022-03-04T14:49:17.189+0100][gc,marking   ] GC(2) Concurrent Mark From Roots
[2022-03-04T14:49:17.189+0100][gc,task      ] GC(2) Using 1 workers of 1 for marking
[2022-03-04T14:49:17.200+0100][gc,marking   ] GC(2) Concurrent Mark From Roots 10.418ms
[2022-03-04T14:49:17.200+0100][gc,marking   ] GC(2) Concurrent Preclean
[2022-03-04T14:49:17.200+0100][gc,marking   ] GC(2) Concurrent Preclean 0.379ms
[2022-03-04T14:49:17.200+0100][gc,marking   ] GC(2) Concurrent Mark (1.973s, 1.984s) 10.905ms
[2022-03-04T14:49:17.201+0100][gc,start     ] GC(2) Pause Remark
[2022-03-04T14:49:17.203+0100][gc,stringtable] GC(2) Cleaned string and symbol table, strings: 5122 processed, 0 removed, symbols: 50782 processed, 39 removed
[2022-03-04T14:49:17.204+0100][gc            ] GC(2) Pause Remark 9M->9M(1024M) 3.013ms
[2022-03-04T14:49:17.204+0100][gc,cpu        ] GC(2) User=0.00s Sys=0.00s Real=0.00s
[2022-03-04T14:49:17.204+0100][gc,marking    ] GC(2) Concurrent Rebuild Remembered Sets
[2022-03-04T14:49:17.208+0100][gc,marking    ] GC(2) Concurrent Rebuild Remembered Sets 4.313ms
[2022-03-04T14:49:17.209+0100][gc,start      ] GC(2) Pause Cleanup
[2022-03-04T14:49:17.209+0100][gc            ] GC(2) Pause Cleanup 9M->9M(1024M) 0.302ms
[2022-03-04T14:49:17.209+0100][gc,cpu        ] GC(2) User=0.00s Sys=0.00s Real=0.00s
[2022-03-04T14:49:17.209+0100][gc,marking    ] GC(2) Concurrent Cleanup for Next Mark
[2022-03-04T14:49:17.239+0100][gc,marking    ] GC(2) Concurrent Cleanup for Next Mark 29.966ms
[2022-03-04T14:49:17.239+0100][gc            ] GC(2) Concurrent Cycle 51.575ms
[2022-03-04T14:49:18.315+0100][gc,start      ] GC(3) Pause Young (Normal) (G1 Evacuation Pause)
[2022-03-04T14:49:18.315+0100][gc,task       ] GC(3) Using 4 workers of 4 for evacuation
[2022-03-04T14:49:18.322+0100][gc,phases     ] GC(3)   Pre Evacuate Collection Set: 0.0ms
[2022-03-04T14:49:18.322+0100][gc,phases     ] GC(3)   Evacuate Collection Set: 5.8ms
[2022-03-04T14:49:18.322+0100][gc,phases     ] GC(3)   Post Evacuate Collection Set: 0.4ms
[2022-03-04T14:49:18.322+0100][gc,phases     ] GC(3)   Other: 0.3ms
[2022-03-04T14:49:18.322+0100][gc,heap       ] GC(3) Eden regions: 50->0(46)
[2022-03-04T14:49:18.322+0100][gc,heap       ] GC(3) Survivor regions: 1->5(7)
[2022-03-04T14:49:18.322+0100][gc,heap       ] GC(3) Old regions: 9->9
[2022-03-04T14:49:18.322+0100][gc,heap       ] GC(3) Humongous regions: 129->129
[2022-03-04T14:49:18.322+0100][gc,metaspace  ] GC(3) Metaspace: 29065K->29065K(1075200K)
[2022-03-04T14:49:18.322+0100][gc            ] GC(3) Pause Young (Normal) (G1 Evacuation Pause) 187M->140M(1024M) 6.726ms
[2022-03-04T14:49:18.322+0100][gc,cpu        ] GC(3) User=0.06s Sys=0.00s Real=0.01s
[2022-03-04T14:49:18.692+0100][gc,start      ] GC(4) Pause Young (Concurrent Start) (Metadata GC Threshold)
[2022-03-04T14:49:18.692+0100][gc,task       ] GC(4) Using 4 workers of 4 for evacuation
[2022-03-04T14:49:18.700+0100][gc,phases     ] GC(4)   Pre Evacuate Collection Set: 0.1ms
[2022-03-04T14:49:18.700+0100][gc,phases     ] GC(4)   Evacuate Collection Set: 7.4ms
[2022-03-04T14:49:18.700+0100][gc,phases     ] GC(4)   Post Evacuate Collection Set: 0.3ms
[2022-03-04T14:49:18.700+0100][gc,phases     ] GC(4)   Other: 0.3ms
[2022-03-04T14:49:18.700+0100][gc,heap       ] GC(4) Eden regions: 29->0(45)
[2022-03-04T14:49:18.700+0100][gc,heap       ] GC(4) Survivor regions: 5->6(7)
[2022-03-04T14:49:18.700+0100][gc,heap       ] GC(4) Old regions: 9->10
[2022-03-04T14:49:18.700+0100][gc,heap       ] GC(4) Humongous regions: 129->129
[2022-03-04T14:49:18.700+0100][gc,metaspace  ] GC(4) Metaspace: 34623K->34623K(1081344K)
[2022-03-04T14:49:18.700+0100][gc            ] GC(4) Pause Young (Concurrent Start) (Metadata GC Threshold) 168M->142M(1024M) 8.287ms
[2022-03-04T14:49:18.700+0100][gc,cpu        ] GC(4) User=0.06s Sys=0.00s Real=0.01s
[2022-03-04T14:49:18.700+0100][gc            ] GC(5) Concurrent Cycle
[2022-03-04T14:49:18.700+0100][gc,marking    ] GC(5) Concurrent Clear Claimed Marks
[2022-03-04T14:49:18.700+0100][gc,marking    ] GC(5) Concurrent Clear Claimed Marks 0.088ms
[2022-03-04T14:49:18.700+0100][gc,marking    ] GC(5) Concurrent Scan Root Regions
[2022-03-04T14:49:18.705+0100][gc,marking    ] GC(5) Concurrent Scan Root Regions 4.930ms
[2022-03-04T14:49:18.705+0100][gc,marking    ] GC(5) Concurrent Mark (3.489s)
[2022-03-04T14:49:18.705+0100][gc,marking    ] GC(5) Concurrent Mark From Roots
[2022-03-04T14:49:18.706+0100][gc,task       ] GC(5) Using 1 workers of 1 for marking
[2022-03-04T14:49:18.719+0100][gc,marking    ] GC(5) Concurrent Mark From Roots 13.762ms
[2022-03-04T14:49:18.719+0100][gc,marking    ] GC(5) Concurrent Preclean
[2022-03-04T14:49:18.721+0100][gc,marking    ] GC(5) Concurrent Preclean 1.507ms
[2022-03-04T14:49:18.721+0100][gc,marking    ] GC(5) Concurrent Mark (3.489s, 3.505s) 15.392ms
[2022-03-04T14:49:18.722+0100][gc,start      ] GC(5) Pause Remark
[2022-03-04T14:49:18.725+0100][gc,stringtable] GC(5) Cleaned string and symbol table, strings: 10317 processed, 10 removed, symbols: 83841 processed, 17 removed
[2022-03-04T14:49:18.725+0100][gc            ] GC(5) Pause Remark 145M->145M(1024M) 2.761ms
[2022-03-04T14:49:18.725+0100][gc,cpu        ] GC(5) User=0.00s Sys=0.00s Real=0.00s
[2022-03-04T14:49:18.725+0100][gc,marking    ] GC(5) Concurrent Rebuild Remembered Sets
[2022-03-04T14:49:18.739+0100][gc,marking    ] GC(5) Concurrent Rebuild Remembered Sets 13.857ms
[2022-03-04T14:49:18.742+0100][gc,start      ] GC(5) Pause Cleanup
[2022-03-04T14:49:18.742+0100][gc            ] GC(5) Pause Cleanup 146M->146M(1024M) 0.300ms
[2022-03-04T14:49:18.742+0100][gc,cpu        ] GC(5) User=0.00s Sys=0.00s Real=0.00s
[2022-03-04T14:49:18.743+0100][gc,marking    ] GC(5) Concurrent Cleanup for Next Mark
[2022-03-04T14:49:18.775+0100][gc,marking    ] GC(5) Concurrent Cleanup for Next Mark 32.107ms
[2022-03-04T14:49:18.775+0100][gc            ] GC(5) Concurrent Cycle 74.561ms
[2022-03-04T16:12:38.383+0100][gc,start      ] GC(6) Pause Young (Normal) (G1 Evacuation Pause)
[2022-03-04T16:12:38.385+0100][gc,task       ] GC(6) Using 4 workers of 4 for evacuation
[2022-03-04T16:12:38.448+0100][gc,mmu        ] GC(6) MMU target violated: 21.0ms (20.0ms/21.0ms)
[2022-03-04T16:12:38.448+0100][gc,phases     ] GC(6)   Pre Evacuate Collection Set: 11.6ms
[2022-03-04T16:12:38.448+0100][gc,phases     ] GC(6)   Evacuate Collection Set: 49.8ms
[2022-03-04T16:12:38.448+0100][gc,phases     ] GC(6)   Post Evacuate Collection Set: 0.6ms
[2022-03-04T16:12:38.448+0100][gc,phases     ] GC(6)   Other: 4.1ms
[2022-03-04T16:12:38.448+0100][gc,heap       ] GC(6) Eden regions: 45->0(48)
[2022-03-04T16:12:38.448+0100][gc,heap       ] GC(6) Survivor regions: 6->3(7)
[2022-03-04T16:12:38.448+0100][gc,heap       ] GC(6) Old regions: 10->13
[2022-03-04T16:12:38.448+0100][gc,heap       ] GC(6) Humongous regions: 129->129
[2022-03-04T16:12:38.448+0100][gc,metaspace  ] GC(6) Metaspace: 38022K->38022K(1083392K)
[2022-03-04T16:12:38.449+0100][gc            ] GC(6) Pause Young (Normal) (G1 Evacuation Pause) 187M->143M(1024M) 65.291ms
[2022-03-04T16:12:38.449+0100][gc,cpu        ] GC(6) User=0.02s Sys=0.03s Real=0.07s
[2022-03-04T16:31:51.655+0100][gc,start      ] GC(7) Pause Young (Normal) (G1 Evacuation Pause)
[2022-03-04T16:31:51.656+0100][gc,task       ] GC(7) Using 4 workers of 4 for evacuation
[2022-03-04T16:31:51.665+0100][gc,phases     ] GC(7)   Pre Evacuate Collection Set: 0.2ms
[2022-03-04T16:31:51.665+0100][gc,phases     ] GC(7)   Evacuate Collection Set: 7.3ms
[2022-03-04T16:31:51.665+0100][gc,phases     ] GC(7)   Post Evacuate Collection Set: 1.3ms
[2022-03-04T16:31:51.665+0100][gc,phases     ] GC(7)   Other: 0.4ms
[2022-03-04T16:31:51.665+0100][gc,heap       ] GC(7) Eden regions: 48->0(47)
[2022-03-04T16:31:51.665+0100][gc,heap       ] GC(7) Survivor regions: 3->4(7)
[2022-03-04T16:31:51.665+0100][gc,heap       ] GC(7) Old regions: 13->13
[2022-03-04T16:31:51.665+0100][gc,heap       ] GC(7) Humongous regions: 129->129
[2022-03-04T16:31:51.665+0100][gc,metaspace  ] GC(7) Metaspace: 40517K->40517K(1085440K)
[2022-03-04T16:31:51.665+0100][gc            ] GC(7) Pause Young (Normal) (G1 Evacuation Pause) 191M->144M(1024M) 9.231ms
[2022-03-04T16:31:51.665+0100][gc,cpu        ] GC(7) User=0.00s Sys=0.00s Real=0.01s
[2022-03-04T16:53:14.853+0100][gc,heap,exit  ] Heap
[2022-03-04T16:53:14.853+0100][gc,heap,exit  ]  garbage-first heap   total 1048576K, used 190639K [0x00000000c0000000, 0x0000000100000000)
[2022-03-04T16:53:14.853+0100][gc,heap,exit  ]   region size 1024K, 48 young (49152K), 4 survivors (4096K)
[2022-03-04T16:53:14.853+0100][gc,heap,exit  ]  Metaspace       used 41323K, capacity 43581K, committed 43804K, reserved 1087488K
[2022-03-04T16:53:14.853+0100][gc,heap,exit  ]   class space    used 5305K, capacity 6449K, committed 6528K, reserved 1048576K
