[2022-03-04T10:39:13.006+0100][gc,heap] Heap region size: 1M
[2022-03-04T10:39:13.019+0100][gc     ] Using G1
[2022-03-04T10:39:13.019+0100][gc,heap,coops] Heap address: 0x00000000e0000000, size: 512 MB, Compressed Oops mode: 32-bit
[2022-03-04T10:39:13.021+0100][gc,cds       ] Mark closed archive regions in map: [0x00000000fff00000, 0x00000000fff6aff8]
[2022-03-04T10:39:13.021+0100][gc,cds       ] Mark open archive regions in map: [0x00000000ffe00000, 0x00000000ffe46ff8]
[2022-03-04T10:39:16.598+0100][gc,start     ] GC(0) Pause Young (Normal) (G1 Evacuation Pause)
[2022-03-04T10:39:16.599+0100][gc,task      ] GC(0) Using 4 workers of 4 for evacuation
[2022-03-04T10:39:16.617+0100][gc,phases    ] GC(0)   Pre Evacuate Collection Set: 0.0ms
[2022-03-04T10:39:16.617+0100][gc,phases    ] GC(0)   Evacuate Collection Set: 16.9ms
[2022-03-04T10:39:16.617+0100][gc,phases    ] GC(0)   Post Evacuate Collection Set: 0.5ms
[2022-03-04T10:39:16.617+0100][gc,phases    ] GC(0)   Other: 1.2ms
[2022-03-04T10:39:16.617+0100][gc,heap      ] GC(0) Eden regions: 25->0(21)
[2022-03-04T10:39:16.617+0100][gc,heap      ] GC(0) Survivor regions: 0->4(4)
[2022-03-04T10:39:16.617+0100][gc,heap      ] GC(0) Old regions: 2->5
[2022-03-04T10:39:16.617+0100][gc,heap      ] GC(0) Humongous regions: 0->0
[2022-03-04T10:39:16.617+0100][gc,metaspace ] GC(0) Metaspace: 7722K->7722K(1056768K)
[2022-03-04T10:39:16.617+0100][gc           ] GC(0) Pause Young (Normal) (G1 Evacuation Pause) 25M->7M(512M) 18.834ms
[2022-03-04T10:39:16.617+0100][gc,cpu       ] GC(0) User=0.03s Sys=0.03s Real=0.01s
[2022-03-04T12:30:34.959+0100][gc,heap,exit ] Heap
[2022-03-04T12:30:34.960+0100][gc,heap,exit ]  garbage-first heap   total 524288K, used 21016K [0x00000000e0000000, 0x0000000100000000)
[2022-03-04T12:30:34.960+0100][gc,heap,exit ]   region size 1024K, 18 young (18432K), 4 survivors (4096K)
[2022-03-04T12:30:34.960+0100][gc,heap,exit ]  Metaspace       used 9215K, capacity 9535K, committed 9600K, reserved 1058816K
[2022-03-04T12:30:34.960+0100][gc,heap,exit ]   class space    used 980K, capacity 1122K, committed 1152K, reserved 1048576K
