[2022-03-04T16:53:08.007+0100][gc,heap] Heap region size: 1M
[2022-03-04T16:53:08.023+0100][gc     ] Using G1
[2022-03-04T16:53:08.023+0100][gc,heap,coops] Heap address: 0x00000000e0000000, size: 512 MB, Compressed Oops mode: 32-bit
[2022-03-04T16:53:08.024+0100][gc,cds       ] Mark closed archive regions in map: [0x00000000fff00000, 0x00000000fff6aff8]
[2022-03-04T16:53:08.024+0100][gc,cds       ] Mark open archive regions in map: [0x00000000ffe00000, 0x00000000ffe46ff8]
[2022-03-04T16:53:08.975+0100][gc,start     ] GC(0) Pause Young (Normal) (G1 Evacuation Pause)
[2022-03-04T16:53:08.976+0100][gc,task      ] GC(0) Using 4 workers of 4 for evacuation
[2022-03-04T16:53:08.990+0100][gc,phases    ] GC(0)   Pre Evacuate Collection Set: 0.0ms
[2022-03-04T16:53:08.990+0100][gc,phases    ] GC(0)   Evacuate Collection Set: 12.9ms
[2022-03-04T16:53:08.990+0100][gc,phases    ] GC(0)   Post Evacuate Collection Set: 0.4ms
[2022-03-04T16:53:08.990+0100][gc,phases    ] GC(0)   Other: 1.5ms
[2022-03-04T16:53:08.990+0100][gc,heap      ] GC(0) Eden regions: 25->0(21)
[2022-03-04T16:53:08.990+0100][gc,heap      ] GC(0) Survivor regions: 0->4(4)
[2022-03-04T16:53:08.990+0100][gc,heap      ] GC(0) Old regions: 2->5
[2022-03-04T16:53:08.990+0100][gc,heap      ] GC(0) Humongous regions: 0->0
[2022-03-04T16:53:08.990+0100][gc,metaspace ] GC(0) Metaspace: 7733K->7733K(1056768K)
[2022-03-04T16:53:08.990+0100][gc           ] GC(0) Pause Young (Normal) (G1 Evacuation Pause) 25M->7M(512M) 14.980ms
[2022-03-04T16:53:08.990+0100][gc,cpu       ] GC(0) User=0.02s Sys=0.00s Real=0.02s
[2022-03-04T17:01:34.454+0100][gc,heap,exit ] Heap
[2022-03-04T17:01:34.454+0100][gc,heap,exit ]  garbage-first heap   total 524288K, used 17065K [0x00000000e0000000, 0x0000000100000000)
[2022-03-04T17:01:34.454+0100][gc,heap,exit ]   region size 1024K, 14 young (14336K), 4 survivors (4096K)
[2022-03-04T17:01:34.454+0100][gc,heap,exit ]  Metaspace       used 9033K, capacity 9406K, committed 9600K, reserved 1058816K
[2022-03-04T17:01:34.454+0100][gc,heap,exit ]   class space    used 981K, capacity 1122K, committed 1152K, reserved 1048576K
